hir {
  let x: Named("I32") @0..15 : I32
    I32Lit(1) : I32 @13..14
  expr:
    Match(arms=3) : Bytes @16..66
      Var(x) : I32 @22..23
      arm:
        tail:
          BytesLit : Bytes @32..38
      arm:
        tail:
          BytesLit : Bytes @45..50
      arm:
        tail:
          BytesLit : Bytes @57..64
}
